FAIL forest-ledger: .claude/audit-fixtures/forest-ledger/fixture-15-blank-line-block.session-notes
  [L3] "Closed this session" entry cites no durable receipt (PR#/#N/SHA/journal NNNN) — not closed: F2 finished, no receipt
  [L3] "Closed this session" entry cites no durable receipt (PR#/#N/SHA/journal NNNN) — not closed: F3 also done
